..
----------------------------------------------------------------------
Ran 2 tests in 7.046s

OK
decoding  story_2.huff story_2_.txt
encoding  story_2.txt story_2.huff
